<html>
<body>
<pre>
<h1>µVision Build Log</h1>
<h2>Project:</h2>
C:\Keil\Labs\Project 3\StepperMotor.uvproj
Project File Date:  04/28/2017

<h2>Output:</h2>
Rebuild target 'HelloLaunchPad'
assembling startup.s...
compiling StepperTestMain.c...
compiling stepper.c...
compiling SysTick.c...
linking...
Program Size: Code=1784 RO-data=44 RW-data=12 ZI-data=1124  
".\HelloLaunchPad.axf" - 0 Error(s), 0 Warning(s).
Load "C:\\Keil\\Labs\\Project 3\\HelloLaunchPad.axf" 
Connecting: Mode=JTAG, Speed=1000000Hz
Erase Done.
Programming Done.
Verify OK.
